../Src/main.c:47:5:main	8	static
../Src/main.c:92:6:Schedule	16	static
../Src/main.c:140:6:IdleTask_Handler	4	static
../Src/main.c:150:6:Task1_Handler	8	static
../Src/main.c:166:6:Task2_Handler	8	static
../Src/main.c:182:6:Task3_Handler	8	static
../Src/main.c:198:6:Task4_Handler	8	static
../Src/main.c:214:6:SysTick_Init	32	static
../Src/main.c:239:29:Scheduler_Stack_Init	0	static,ignoring_inline_asm
../Src/main.c:264:6:Task_Init	32	static
../Src/main.c:298:6:System_Exceptions_Enable	16	static
../Src/main.c:313:10:Get_PSP_Value	4	static
../Src/main.c:323:6:Save_PSP_Value	16	static
../Src/main.c:334:29:Switch_SP_To_PSP	0	static,ignoring_inline_asm
../Src/main.c:355:6:Pend_PendSV	16	static
../Src/main.c:369:6:Task_Delay	16	static,ignoring_inline_asm
../Src/main.c:399:6:Increment_Global_Tick_Count	4	static
../Src/main.c:409:6:Unblock_Tasks	16	static
